[33m[vite:css][postcss] @import must precede all other statements (besides @charset or empty @layer)
3  |  @tailwind utilities;
4  |  
5  |  @import url('https://fonts.googleapis.com/css2?family=Poppins:wght@400;500;600;700&display=swap');
   |  ^^^^^^^^^^^^^^^^^^^^^^^^^^^^^^^^^^^^^^^^^^^^^^^^^^^^^^^^^^^^^^^^^^^^^^^^^^^^^^^^^^^^^^^^^^^^^^^^^^
6  |  
7  |  @layer base {[39m
[31m✗[39m Build failed in 6.47s
[31merror during build:
[31m[vite]: Rollup failed to resolve import "@radix-ui/react-checkbox" from "C:/dev/jan-samiti-register/src/components/ui/checkbox.tsx".
This is most likely unintended because it can break your application at runtime.
If you do want to externalize this module explicitly add it to
`build.rollupOptions.external`[31m
    at viteLog (file:///C:/dev/jan-samiti-register/node_modules/vite/dist/node/chunks/config.js:33635:57)
    at file:///C:/dev/jan-samiti-register/node_modules/vite/dist/node/chunks/config.js:33669:73
    at onwarn (file:///C:/dev/jan-samiti-register/node_modules/@vitejs/plugin-react-swc/index.js:76:7)
    at file:///C:/dev/jan-samiti-register/node_modules/vite/dist/node/chunks/config.js:33669:28
    at onRollupLog (file:///C:/dev/jan-samiti-register/node_modules/vite/dist/node/chunks/config.js:33664:63)
    at onLog (file:///C:/dev/jan-samiti-register/node_modules/vite/dist/node/chunks/config.js:33467:4)
    at file:///C:/dev/jan-samiti-register/node_modules/rollup/dist/es/shared/node-entry.js:21081:32
    at Object.logger [as onLog] (file:///C:/dev/jan-samiti-register/node_modules/rollup/dist/es/shared/node-entry.js:22968:9)
    at ModuleLoader.handleInvalidResolvedId (file:///C:/dev/jan-samiti-register/node_modules/rollup/dist/es/shared/node-entry.js:21712:26)
    at file:///C:/dev/jan-samiti-register/node_modules/rollup/dist/es/shared/node-entry.js:21670:26[39m
